Initialized native services in: C:\Users\shahr\.gradle\native
Initialized jansi services in: C:\Users\shahr\.gradle\native
Found daemon DaemonInfo{pid=1420, address=[2eea86bb-062f-4317-9395-96cb540845ff port:51944, addresses:[/127.0.0.1]], state=Idle, lastBusy=1767764252555, context=DefaultDaemonContext[uid=3e918eb1-3dad-4db2-97d8-b944a78adcaf,javaHome=D:\Empty\jbr,javaVersion=21,javaVendor=JetBrains s.r.o.,daemonRegistryDir=C:\Users\shahr\.gradle\daemon,pid=1420,idleTimeout=10800000,priority=NORMAL,applyInstrumentationAgent=true,nativeServicesMode=ENABLED,daemonOpts=-Xmx2048m,-Dfile.encoding=UTF-8,-Duser.country=US,-Duser.language=en,-Duser.variant]} however its context does not match the desired criteria.
JVM is incompatible.
Wanted: DaemonRequestContext{jvmCriteria=C:\Users\shahr\.jdks\openjdk-25 (no JDK specified, using current Java home), daemonOpts=[-Xmx2048m, -Dfile.encoding=UTF-8, -Duser.country=US, -Duser.language=en, -Duser.variant], applyInstrumentationAgent=true, nativeServicesMode=ENABLED, priority=NORMAL}
Actual: DefaultDaemonContext[uid=3e918eb1-3dad-4db2-97d8-b944a78adcaf,javaHome=D:\Empty\jbr,javaVersion=21,javaVendor=JetBrains s.r.o.,daemonRegistryDir=C:\Users\shahr\.gradle\daemon,pid=1420,idleTimeout=10800000,priority=NORMAL,applyInstrumentationAgent=true,nativeServicesMode=ENABLED,daemonOpts=-Xmx2048m,-Dfile.encoding=UTF-8,-Duser.country=US,-Duser.language=en,-Duser.variant]

  Looking for a different daemon...
The client will now receive all logging from the daemon (pid: 28992). The daemon log file: C:\Users\shahr\.gradle\daemon\8.14\daemon-28992.out.log
Starting 3rd build in daemon [uptime: 2 mins 0.78 secs, performance: 99%, GC rate: 0.00/s, heap usage: 0% of 2 GiB]
Using 12 worker leases.
Now considering [C:\Users\shahr\AndroidStudioProjects\ExpenseTracker2207050] as hierarchies to watch
Watching the file system is configured to be enabled if available
File system watching is active
Starting Build
Caching disabled for Kotlin DSL script compilation (Settings/TopLevel/stage1) because:
  Build cache is disabled
.\gradlew.bat : 
At line:1 char:65
+ ... penseTracker2207050 ; .\gradlew.bat assembleDebug --info 2>&1 | Out-F ...
+                           ~~~~~~~~~~~~~~~~~~~~~~~~~~~~~~~~~~~~~~~
    + CategoryInfo          : NotSpecified: (:String) [], RemoteException
    + FullyQualifiedErrorId : NativeCommandError
 
FAILURE: Build failed with an exception.

* What went wrong:
25

* Try:
> Run with --stacktrace option to get the stack trace.
> Run with --debug option to get more log output.
> Run with --scan to get full insights.
> Get more help at https://help.gradle.org.

BUILD FAILED in 922ms
Watched directory hierarchies: []
